Microchip MPLAB XC8 Compiler V1.34 ()

Linker command line:

--edf=/Applications/microchip/xc8/v1.34/dat/en_msgs.txt -cs \
  -h+dist/default/production/CIV.X.production.sym \
  --cmf=dist/default/production/CIV.X.production.cmf -z -Q16F88 \
  -o/tmp/cgtc2Ch65 -Mdist/default/production/CIV.X.production.map -E1 \
  -ver=XC8 -ASTACK=0110h-016fh -pstack=STACK -ACODE=00h-07FFhx2 \
  -ASTRCODE=00h-0FFFh -ASTRING=00h-0FFhx16 -ACONST=00h-0FFhx16 \
  -AENTRY=00h-0FFhx16 -ACOMMON=070h-07Fh -ABANK0=020h-06Fh \
  -ABANK1=0A0h-0EFh -ABANK2=0110h-016Fh -ABANK3=0190h-01EFh \
  -ARAM=020h-06Fh,0A0h-0EFh,0110h-016Fh,0190h-01EFh \
  -AABS1=020h-07Fh,0A0h-0EFh,0110h-016Fh,0190h-01EFh -ASFR0=00h-01Fh \
  -ASFR1=080h-09Fh -ASFR2=0100h-010Fh -ASFR3=0180h-018Fh \
  -preset_vec=00h,intentry,init,end_init -ppowerup=CODE -pcinit=CODE \
  -pfunctab=CODE -ACONFIG=02007h-02008h -pconfig=CONFIG -DCONFIG=2 \
  -AIDLOC=02000h-02003h -pidloc=IDLOC -DIDLOC=2 -AEEDATA=00h-0FFh/02100h \
  -peeprom_data=EEDATA -DEEDATA=2 -DCODE=2 -DSTRCODE=2 -DSTRING=2 -DCONST=2 \
  -DENTRY=2 -k /tmp/cgtjuRFXX.obj \
  dist/default/production/CIV.X.production.obj 

Object code version is 3.11

Machine type is 16F88



                Name                               Link     Load   Length Selector   Space Scale
/tmp/cgtjuRFXX.obj
                end_init                              0        0        2        0       0
                config                             2007     2007        2     400E       0
dist/default/production/CIV.X.production.obj
                cinit                               7EA      7EA       16      FD4       0
                text13                              52E      52E       1C      A5C       0
                text12                              568      568       22      AD0       0
                text11                              73E      73E       AC      E7C       0
                text10                              4E4      4E4        F      9C8       0
                text9                               58A      58A       23      B14       0
                text8                               4DB      4DB        9      9B6       0
                text7                               503      503       11      A06       0
                text6                               670      670       4C      CE0       0
                text5                               54A      54A       1E      A94       0
                text4                               6BC      6BC       82      D78       0
                text3                               5AD      5AD       24      B5A       0
                swtext1                              4C       4C        C       98       0
                text2                               5F8      5F8       3B      BF0       0
                text1                               633      633       3D      C66       0
                maintext                            5D1      5D1       27      BA2       0
                cstackBANK0                          56       56        B       20       1
                cstackCOMMON                         70       70        C       70       1
                inittext                            4F3      4F3       10      9E6       0
                clrtext                             4D3      4D3        8      9A6       0
                dataBANK0                            3C       3C       1A       20       1
                bssBANK0                             20       20       1C       20       1
                bssCOMMON                            7C       7C        2       70       1
                strings                               2        2       4A        4       0
                idataBANK0                          514      514       1A      A28       0

TOTAL           Name                               Link     Load   Length     Space
        CLASS   STACK          

        CLASS   CODE           
                end_init                              0        0        2         0
                cinit                               7EA      7EA       16         0
                text13                              52E      52E       1C         0
                text12                              568      568       22         0
                text11                              73E      73E       AC         0
                text10                              4E4      4E4        F         0
                text9                               58A      58A       23         0
                text8                               4DB      4DB        9         0
                text7                               503      503       11         0
                text6                               670      670       4C         0
                text5                               54A      54A       1E         0
                text4                               6BC      6BC       82         0
                text3                               5AD      5AD       24         0
                text2                               5F8      5F8       3B         0
                text1                               633      633       3D         0
                maintext                            5D1      5D1       27         0
                inittext                            4F3      4F3       10         0
                clrtext                             4D3      4D3        8         0
                idataBANK0                          514      514       1A         0

        CLASS   STRCODE        

        CLASS   STRING         
                strings                               2        2       4A         0

        CLASS   CONST          
                swtext1                              4C       4C        C         0

        CLASS   ENTRY          

        CLASS   COMMON         
                cstackCOMMON                         70       70        C         1
                bssCOMMON                            7C       7C        2         1

        CLASS   BANK0          
                cstackBANK0                          56       56        B         1
                dataBANK0                            3C       3C       1A         1
                bssBANK0                             20       20       1C         1

        CLASS   BANK1          

        CLASS   BANK2          

        CLASS   BANK3          

        CLASS   RAM            

        CLASS   ABS1           
                abs_s1                               7E       7E        2         1

        CLASS   SFR0           

        CLASS   SFR1           

        CLASS   SFR2           

        CLASS   SFR3           

        CLASS   CONFIG         
                config                             2007     2007        2         0

        CLASS   IDLOC          

        CLASS   EEDATA         



SEGMENTS        Name                           Load    Length   Top    Selector   Space  Class     Delta

                reset_vec                      000000  000002  000002         0       0  CODE        2
                strings                        000002  00004A  00004C         4       0  STRING      2
                bssBANK0                       000020  000041  000061        20       1  BANK0       1
                cstackCOMMON                   000070  00000E  00007E        70       1  COMMON      1
                swtext1                        00004C  00000C  000058        98       0  CONST       2
                clrtext                        0004D3  000008  0004DB       9A6       0  CODE        2
                text8                          0004DB  000009  0004E4       9B6       0  CODE        2
                text10                         0004E4  00000F  0004F3       9C8       0  CODE        2
                inittext                       0004F3  000010  000503       9E6       0  CODE        2
                text7                          000503  000011  000514       A06       0  CODE        2
                idataBANK0                     000514  00001A  00052E       A28       0  CODE        2
                text13                         00052E  00001C  00054A       A5C       0  CODE        2
                text5                          00054A  00001E  000568       A94       0  CODE        2
                text12                         000568  000022  00058A       AD0       0  CODE        2
                text9                          00058A  000023  0005AD       B14       0  CODE        2
                text3                          0005AD  000024  0005D1       B5A       0  CODE        2
                maintext                       0005D1  000027  0005F8       BA2       0  CODE        2
                text2                          0005F8  00003B  000633       BF0       0  CODE        2
                text1                          000633  00003D  000670       C66       0  CODE        2
                text6                          000670  00004C  0006BC       CE0       0  CODE        2
                text4                          0006BC  000082  00073E       D78       0  CODE        2
                text11                         00073E  0000AC  0007EA       E7C       0  CODE        2
                cinit                          0007EA  000016  000800       FD4       0  CODE        2
                config                         002007  000002  002009      400E       0  CONFIG      2


UNUSED ADDRESS RANGES

        Name                Unused          Largest block    Delta
        BANK0            0061-006F              F           1
        BANK1            00A0-00EF             50           1
        BANK2            0110-016F             60           1
        BANK3            0190-01EF             60           1
        CODE             0058-04D2            47B           2
                         0800-0FFF            800
        CONST            0058-04D2            100           2
                         0800-0FFF            100
        EEDATA           2100-21FF            100           2
        ENTRY            0058-04D2            100           2
                         0800-0FFF            100
        IDLOC            2000-2003              4           2
        RAM              0061-006F              F           1
                         00A0-00EF             50
                         0110-016F             60
                         0190-01EF             60
        SFR0             0000-001F             20           1
        SFR1             0080-009F             20           1
        SFR2             0100-010F             10           1
        SFR3             0180-018F             10           1
        STACK            0110-016F             60           1
        STRCODE          0058-04D2            47B           2
                         0800-0FFF            800
        STRING           0058-04D2            100           2
                         0800-0FFF            100

                                  Symbol Table

_ANSEL                            (abs)        009B
_CMCON                            (abs)        009C
_FERR                             (abs)        00C2
_INTCON                           (abs)        000B
_PORTA                            (abs)        0005
_PORTB                            (abs)        0006
_RB0                              (abs)        0030
_RB1                              (abs)        0031
_RB3                              (abs)        0033
_RCIF                             (abs)        0065
_RCREG                            (abs)        001A
_RCSTA                            (abs)        0018
_SPBRG                            (abs)        0099
_TRISA                            (abs)        0085
_TRISB                            (abs)        0086
_TRISB2                           (abs)        0432
_TRISB5                           (abs)        0435
_TXIF                             (abs)        0064
_TXREG                            (abs)        0019
_TXSTA                            (abs)        0098
__CFG_BOREN$ON                    (abs)        0000
__CFG_CCPMX$RB0                   (abs)        0000
__CFG_CP$OFF                      (abs)        0000
__CFG_CPD$OFF                     (abs)        0000
__CFG_FCMEN$ON                    (abs)        0000
__CFG_FOSC$HS                     (abs)        0000
__CFG_IESO$ON                     (abs)        0000
__CFG_LVP$ON                      (abs)        0000
__CFG_MCLRE$ON                    (abs)        0000
__CFG_PWRTE$ON                    (abs)        0000
__CFG_WDTE$OFF                    (abs)        0000
__CFG_WRT$OFF                     (abs)        0000
__Habs1                           abs1         0000
__Hbank0                          bank0        0000
__Hbank1                          bank1        0000
__Hbank2                          bank2        0000
__Hbank3                          bank3        0000
__HbssBANK0                       bssBANK0     0000
__HbssCOMMON                      bssCOMMON    0000
__Hcinit                          cinit        0800
__Hclrtext                        clrtext      0000
__Hcode                           code         0000
__Hcommon                         common       0000
__Hconfig                         config       2009
__HcstackBANK0                    cstackBANK0  0000
__HcstackCOMMON                   cstackCOMMON 0000
__HdataBANK0                      dataBANK0    0000
__Heeprom_data                    eeprom_data  0000
__Hend_init                       end_init     0002
__Hfunctab                        functab      0000
__HidataBANK0                     idataBANK0   0000
__Hidloc                          idloc        0000
__Hinit                           init         0000
__Hinittext                       inittext     0000
__Hintentry                       intentry     0000
__Hmaintext                       maintext     0000
__Hpowerup                        powerup      0000
__Hram                            ram          0000
__Hreset_vec                      reset_vec    0000
__Hsfr0                           sfr0         0000
__Hsfr1                           sfr1         0000
__Hsfr2                           sfr2         0000
__Hsfr3                           sfr3         0000
__Hspace_0                        (abs)        2009
__Hspace_1                        (abs)        007E
__Hspace_2                        (abs)        0000
__Hspace_3                        (abs)        0000
__Hstack                          stack        0000
__Hstrings                        strings      0000
__Htext                           text         0000
__Labs1                           abs1         0000
__Lbank0                          bank0        0000
__Lbank1                          bank1        0000
__Lbank2                          bank2        0000
__Lbank3                          bank3        0000
__LbssBANK0                       bssBANK0     0000
__LbssCOMMON                      bssCOMMON    0000
__Lcinit                          cinit        07EA
__Lclrtext                        clrtext      0000
__Lcode                           code         0000
__Lcommon                         common       0000
__Lconfig                         config       2007
__LcstackBANK0                    cstackBANK0  0000
__LcstackCOMMON                   cstackCOMMON 0000
__LdataBANK0                      dataBANK0    0000
__Leeprom_data                    eeprom_data  0000
__Lend_init                       end_init     0000
__Lfunctab                        functab      0000
__LidataBANK0                     idataBANK0   0000
__Lidloc                          idloc        0000
__Linit                           init         0000
__Linittext                       inittext     0000
__Lintentry                       intentry     0000
__Lmaintext                       maintext     0000
__Lpowerup                        powerup      0000
__Lram                            ram          0000
__Lreset_vec                      reset_vec    0000
__Lsfr0                           sfr0         0000
__Lsfr1                           sfr1         0000
__Lsfr2                           sfr2         0000
__Lsfr3                           sfr3         0000
__Lspace_0                        (abs)        0000
__Lspace_1                        (abs)        0000
__Lspace_2                        (abs)        0000
__Lspace_3                        (abs)        0000
__Lstack                          stack        0000
__Lstrings                        strings      0000
__Ltext                           text         0000
__S0                              (abs)        2009
__S1                              (abs)        007E
__S2                              (abs)        0000
__S3                              (abs)        0000
___int_sp                         stack        0000
___latbits                        (abs)        0001
___sp                             stack        0000
__end_of__initialization          cinit        07FD
__end_of__stringtab               strings      0012
__end_of_check_data               text10       04F3
__end_of_ci_v_init                text4        073E
__end_of_data_division            text13       054A
__end_of_getch                    text2        0633
__end_of_indicate_frequency_data  text3        05D1
__end_of_lcd_clear                text7        0514
__end_of_lcd_goto                 text8        04E4
__end_of_lcd_init                 text6        06BC
__end_of_lcd_puts                 text5        0568
__end_of_lcd_write                text9        05AD
__end_of_main                     maintext     05F8
__end_of_scanning_frequency_data  text1        0670
__end_of_swap_freq_data           text11       07EA
__end_of_trans_value              text12       058A
__initialization                  cinit        07EA
__pbssBANK0                       bssBANK0     0020
__pbssCOMMON                      bssCOMMON    007C
__pcstackBANK0                    cstackBANK0  0056
__pcstackCOMMON                   cstackCOMMON 0070
__pdataBANK0                      dataBANK0    003C
__pidataBANK0                     idataBANK0   0514
__pmaintext                       maintext     05D1
__pstrings                        strings      0002
__pswtext1                        swtext1      004C
__ptext1                          text1        0633
__ptext10                         text10       04E4
__ptext11                         text11       073E
__ptext12                         text12       0568
__ptext13                         text13       052E
__ptext2                          text2        05F8
__ptext3                          text3        05AD
__ptext4                          text4        06BC
__ptext5                          text5        054A
__ptext6                          text6        0670
__ptext7                          text7        0503
__ptext8                          text8        04DB
__ptext9                          text9        058A
__size_of_check_data              (abs)        0000
__size_of_ci_v_init               (abs)        0000
__size_of_data_division           (abs)        0000
__size_of_getch                   (abs)        0000
__size_of_indicate_frequency_data (abs)        0000
__size_of_lcd_clear               (abs)        0000
__size_of_lcd_goto                (abs)        0000
__size_of_lcd_init                (abs)        0000
__size_of_lcd_puts                (abs)        0000
__size_of_lcd_write               (abs)        0000
__size_of_main                    (abs)        0000
__size_of_scanning_frequency_data (abs)        0000
__size_of_swap_freq_data          (abs)        0000
__size_of_trans_value             (abs)        0000
__stringbase                      strings      0011
__stringtab                       strings      0002
_check_data                       text10       04E4
_ci_v_init                        text4        06BC
_data_division                    text13       052E
_data_num                         bssCOMMON    007C
_err_cnt                          bssBANK0     0028
_frag                             bssBANK0     002A
_freq_data                        bssBANK0     0020
_getch                            text2        05F8
_indicate_frequency_data          text3        05AD
_lcd_clear                        text7        0503
_lcd_goto                         text8        04DB
_lcd_init                         text6        0670
_lcd_puts                         text5        054A
_lcd_write                        text9        058A
_main                             maintext     05D1
_rate_num                         bssBANK0     002C
_receive_data                     bssBANK0     0030
_scanning_frequency_data          text1        0633
_status_num                       bssBANK0     002E
_swap_freq_data                   text11       073E
_trans_value                      text12       0568
btemp                             (abs)        007E
clear_ram0                        clrtext      04D3
data_division@freq                cstackCOMMON 0074
data_division@num                 cstackCOMMON 0070
end_of_initialization             cinit        07FD
hex2char@F1019                    dataBANK0    003C
init_fetch0                       inittext     04F3
init_ram0                         inittext     04F7
intlevel0                         functab      0000
intlevel1                         functab      0000
intlevel2                         functab      0000
intlevel3                         functab      0000
intlevel4                         functab      0000
intlevel5                         functab      0000
lcd_goto@pos                      cstackCOMMON 0073
lcd_init@init_value               cstackCOMMON 0077
lcd_puts@s                        cstackCOMMON 0073
lcd_write@c                       cstackCOMMON 0072
ltemp                             (abs)        007E
ltemp0                            (abs)        007E
ltemp1                            (abs)        0082
ltemp2                            (abs)        0086
ltemp3                            (abs)        0080
reset_vec                         reset_vec    0000
stackhi                           (abs)        0000
stacklo                           (abs)        0000
start                             init         0000
start_initialization              cinit        07EA
swap_freq_data@i                  cstackCOMMON 007A
swap_freq_data@j                  cstackCOMMON 0078
swap_freq_data@space_frag         cstackCOMMON 0076
trans_value@F1039                 dataBANK0    004C
trans_value@ascii_array           cstackBANK0  0056
trans_value@val                   cstackBANK0  0060
ttemp                             (abs)        007E
ttemp0                            (abs)        007E
ttemp1                            (abs)        0081
ttemp2                            (abs)        0084
ttemp3                            (abs)        0087
ttemp4                            (abs)        007F
wtemp                             (abs)        007E
wtemp0                            (abs)        007E
wtemp1                            (abs)        0080
wtemp2                            (abs)        0082
wtemp3                            (abs)        0084
wtemp4                            (abs)        0086
wtemp5                            (abs)        0088
wtemp6                            (abs)        007F


FUNCTION INFORMATION:

 *************** function _main *****************
 Defined at:
		line 83 in file "main.c"
 Parameters:    Size  Location     Type
		None
 Auto vars:     Size  Location     Type
		None
 Return value:  Size  Location     Type
		None               void
 Registers used:
		wreg, fsr0l, fsr0h, status,2, status,0, btemp+1, pclath, cstack
 Tracked objects:
		On entry : 
		On exit  : 
		Unchanged: 
 Data sizes:     COMMON   BANK0   BANK1   BANK3   BANK2
      Params:         0       0       0       0       0
      Locals:         0       0       0       0       0
      Temps:          0       0       0       0       0
      Totals:         0       0       0       0       0
Total ram usage:        0 bytes
 Hardware stack levels required when called:    4
 This function calls:
		_check_data
		_ci_v_init
		_indicate_frequency_data
		_scanning_frequency_data
 This function is called by:
		Startup code after reset
 This function uses a non-reentrant model


 *************** function _scanning_frequency_data *****************
 Defined at:
		line 155 in file "main.c"
 Parameters:    Size  Location     Type
		None
 Auto vars:     Size  Location     Type
		None
 Return value:  Size  Location     Type
		None               void
 Registers used:
		wreg, fsr0l, fsr0h, status,2, status,0, pclath, cstack
 Tracked objects:
		On entry : 
		On exit  : 
		Unchanged: 
 Data sizes:     COMMON   BANK0   BANK1   BANK3   BANK2
      Params:         0       0       0       0       0
      Locals:         0       0       0       0       0
      Temps:          1       0       0       0       0
      Totals:         1       0       0       0       0
Total ram usage:        1 bytes
 Hardware stack levels used:    1
 Hardware stack levels required when called:    1
 This function calls:
		_getch
 This function is called by:
		_main
 This function uses a non-reentrant model


 *************** function _getch *****************
 Defined at:
		line 16 in file "usart.c"
 Parameters:    Size  Location     Type
		None
 Auto vars:     Size  Location     Type
		None
 Return value:  Size  Location     Type
                  1    wreg      unsigned char 
 Registers used:
		wreg, fsr0l, fsr0h, status,2, status,0
 Tracked objects:
		On entry : 
		On exit  : 
		Unchanged: 
 Data sizes:     COMMON   BANK0   BANK1   BANK3   BANK2
      Params:         0       0       0       0       0
      Locals:         0       0       0       0       0
      Temps:          0       0       0       0       0
      Totals:         0       0       0       0       0
Total ram usage:        0 bytes
 Hardware stack levels used:    1
 This function calls:
		Nothing
 This function is called by:
		_scanning_frequency_data
		_scan_ex
		_getche
 This function uses a non-reentrant model


 *************** function _indicate_frequency_data *****************
 Defined at:
		line 261 in file "main.c"
 Parameters:    Size  Location     Type
		None
 Auto vars:     Size  Location     Type
		None
 Return value:  Size  Location     Type
		None               void
 Registers used:
		wreg, fsr0l, fsr0h, status,2, status,0, btemp+1, pclath, cstack
 Tracked objects:
		On entry : 
		On exit  : 
		Unchanged: 
 Data sizes:     COMMON   BANK0   BANK1   BANK3   BANK2
      Params:         0       0       0       0       0
      Locals:         0       0       0       0       0
      Temps:          1       0       0       0       0
      Totals:         1       0       0       0       0
Total ram usage:        1 bytes
 Hardware stack levels used:    1
 Hardware stack levels required when called:    2
 This function calls:
		_lcd_goto
		_lcd_puts
 This function is called by:
		_main
 This function uses a non-reentrant model


 *************** function _ci_v_init *****************
 Defined at:
		line 109 in file "main.c"
 Parameters:    Size  Location     Type
		None
 Auto vars:     Size  Location     Type
		None
 Return value:  Size  Location     Type
		None               void
 Registers used:
		wreg, fsr0l, fsr0h, status,2, status,0, btemp+1, pclath, cstack
 Tracked objects:
		On entry : 
		On exit  : 
		Unchanged: 
 Data sizes:     COMMON   BANK0   BANK1   BANK3   BANK2
      Params:         0       0       0       0       0
      Locals:         0       0       0       0       0
      Temps:          2       0       0       0       0
      Totals:         2       0       0       0       0
Total ram usage:        2 bytes
 Hardware stack levels used:    1
 Hardware stack levels required when called:    3
 This function calls:
		_lcd_goto
		_lcd_init
		_lcd_puts
 This function is called by:
		_main
 This function uses a non-reentrant model


 *************** function _lcd_puts *****************
 Defined at:
		line 59 in file "lcd.c"
 Parameters:    Size  Location     Type
  s               2    3[COMMON] PTR const unsigned char 
		 -> receive_data(12), STR_4(7), STR_3(17), STR_2(17), 
		 -> STR_1(17), 
 Auto vars:     Size  Location     Type
		None
 Return value:  Size  Location     Type
		None               void
 Registers used:
		wreg, fsr0l, fsr0h, status,2, status,0, btemp+1, pclath, cstack
 Tracked objects:
		On entry : 
		On exit  : 
		Unchanged: 
 Data sizes:     COMMON   BANK0   BANK1   BANK3   BANK2
      Params:         2       0       0       0       0
      Locals:         0       0       0       0       0
      Temps:          0       0       0       0       0
      Totals:         2       0       0       0       0
Total ram usage:        2 bytes
 Hardware stack levels used:    1
 Hardware stack levels required when called:    1
 This function calls:
		_lcd_write
 This function is called by:
		_ci_v_init
		_indicate_frequency_data
 This function uses a non-reentrant model


 *************** function _lcd_init *****************
 Defined at:
		line 86 in file "lcd.c"
 Parameters:    Size  Location     Type
		None
 Auto vars:     Size  Location     Type
  init_value      1    7[COMMON] unsigned char 
 Return value:  Size  Location     Type
		None               void
 Registers used:
		wreg, status,2, status,0, pclath, cstack
 Tracked objects:
		On entry : 
		On exit  : 
		Unchanged: 
 Data sizes:     COMMON   BANK0   BANK1   BANK3   BANK2
      Params:         0       0       0       0       0
      Locals:         1       0       0       0       0
      Temps:          2       0       0       0       0
      Totals:         3       0       0       0       0
Total ram usage:        3 bytes
 Hardware stack levels used:    1
 Hardware stack levels required when called:    2
 This function calls:
		_lcd_clear
		_lcd_write
 This function is called by:
		_ci_v_init
 This function uses a non-reentrant model


 *************** function _lcd_clear *****************
 Defined at:
		line 50 in file "lcd.c"
 Parameters:    Size  Location     Type
		None
 Auto vars:     Size  Location     Type
		None
 Return value:  Size  Location     Type
		None               void
 Registers used:
		wreg, status,2, status,0, pclath, cstack
 Tracked objects:
		On entry : 
		On exit  : 
		Unchanged: 
 Data sizes:     COMMON   BANK0   BANK1   BANK3   BANK2
      Params:         0       0       0       0       0
      Locals:         0       0       0       0       0
      Temps:          2       0       0       0       0
      Totals:         2       0       0       0       0
Total ram usage:        2 bytes
 Hardware stack levels used:    1
 Hardware stack levels required when called:    1
 This function calls:
		_lcd_write
 This function is called by:
		_lcd_init
 This function uses a non-reentrant model


 *************** function _lcd_goto *****************
 Defined at:
		line 79 in file "lcd.c"
 Parameters:    Size  Location     Type
  pos             1    wreg     unsigned char 
 Auto vars:     Size  Location     Type
  pos             1    3[COMMON] unsigned char 
 Return value:  Size  Location     Type
		None               void
 Registers used:
		wreg, status,2, status,0, pclath, cstack
 Tracked objects:
		On entry : 
		On exit  : 
		Unchanged: 
 Data sizes:     COMMON   BANK0   BANK1   BANK3   BANK2
      Params:         0       0       0       0       0
      Locals:         1       0       0       0       0
      Temps:          0       0       0       0       0
      Totals:         1       0       0       0       0
Total ram usage:        1 bytes
 Hardware stack levels used:    1
 Hardware stack levels required when called:    1
 This function calls:
		_lcd_write
 This function is called by:
		_ci_v_init
		_indicate_frequency_data
		_lcd_indicate
		_scan_ex
 This function uses a non-reentrant model


 *************** function _lcd_write *****************
 Defined at:
		line 37 in file "lcd.c"
 Parameters:    Size  Location     Type
  c               1    wreg     unsigned char 
 Auto vars:     Size  Location     Type
  c               1    2[COMMON] unsigned char 
 Return value:  Size  Location     Type
		None               void
 Registers used:
		wreg, status,2, status,0
 Tracked objects:
		On entry : 
		On exit  : 
		Unchanged: 
 Data sizes:     COMMON   BANK0   BANK1   BANK3   BANK2
      Params:         0       0       0       0       0
      Locals:         1       0       0       0       0
      Temps:          2       0       0       0       0
      Totals:         3       0       0       0       0
Total ram usage:        3 bytes
 Hardware stack levels used:    1
 This function calls:
		Nothing
 This function is called by:
		_lcd_clear
		_lcd_puts
		_lcd_goto
		_lcd_init
		_lcd_putch
 This function uses a non-reentrant model


 *************** function _check_data *****************
 Defined at:
		line 187 in file "main.c"
 Parameters:    Size  Location     Type
		None
 Auto vars:     Size  Location     Type
		None
 Return value:  Size  Location     Type
		None               void
 Registers used:
		wreg, fsr0l, fsr0h, status,2, status,0, btemp+1, pclath, cstack
 Tracked objects:
		On entry : 
		On exit  : 
		Unchanged: 
 Data sizes:     COMMON   BANK0   BANK1   BANK3   BANK2
      Params:         0       0       0       0       0
      Locals:         0       0       0       0       0
      Temps:          0       0       0       0       0
      Totals:         0       0       0       0       0
Total ram usage:        0 bytes
 Hardware stack levels used:    1
 Hardware stack levels required when called:    2
 This function calls:
		_swap_freq_data
 This function is called by:
		_main
 This function uses a non-reentrant model


 *************** function _swap_freq_data *****************
 Defined at:
		line 221 in file "main.c"
 Parameters:    Size  Location     Type
		None
 Auto vars:     Size  Location     Type
  i               2   10[COMMON] int 
  j               2    8[COMMON] int 
  space_frag      2    6[COMMON] int 
 Return value:  Size  Location     Type
		None               void
 Registers used:
		wreg, fsr0l, fsr0h, status,2, status,0, btemp+1, pclath, cstack
 Tracked objects:
		On entry : 
		On exit  : 
		Unchanged: 
 Data sizes:     COMMON   BANK0   BANK1   BANK3   BANK2
      Params:         0       0       0       0       0
      Locals:         6       0       0       0       0
      Temps:          1       0       0       0       0
      Totals:         7       0       0       0       0
Total ram usage:        7 bytes
 Hardware stack levels used:    1
 Hardware stack levels required when called:    1
 This function calls:
		_data_division
		_trans_value
 This function is called by:
		_check_data
 This function uses a non-reentrant model


 *************** function _trans_value *****************
 Defined at:
		line 210 in file "main.c"
 Parameters:    Size  Location     Type
  val             1    wreg     unsigned char 
 Auto vars:     Size  Location     Type
  val             1   10[BANK0 ] unsigned char 
  ascii_array    10    0[BANK0 ] unsigned char [10]
 Return value:  Size  Location     Type
                  1    wreg      unsigned char 
 Registers used:
		wreg, fsr0l, fsr0h, status,2, status,0
 Tracked objects:
		On entry : 
		On exit  : 
		Unchanged: 
 Data sizes:     COMMON   BANK0   BANK1   BANK3   BANK2
      Params:         0       0       0       0       0
      Locals:         0      11       0       0       0
      Temps:          4       0       0       0       0
      Totals:         4      11       0       0       0
Total ram usage:       15 bytes
 Hardware stack levels used:    1
 This function calls:
		Nothing
 This function is called by:
		_swap_freq_data
 This function uses a non-reentrant model


 *************** function _data_division *****************
 Defined at:
		line 204 in file "main.c"
 Parameters:    Size  Location     Type
  freq            1    wreg     unsigned char 
  num             2    0[COMMON] int 
 Auto vars:     Size  Location     Type
  freq            1    4[COMMON] unsigned char 
 Return value:  Size  Location     Type
		None               void
 Registers used:
		wreg, fsr0l, fsr0h, status,2, status,0
 Tracked objects:
		On entry : 
		On exit  : 
		Unchanged: 
 Data sizes:     COMMON   BANK0   BANK1   BANK3   BANK2
      Params:         2       0       0       0       0
      Locals:         1       0       0       0       0
      Temps:          2       0       0       0       0
      Totals:         5       0       0       0       0
Total ram usage:        5 bytes
 Hardware stack levels used:    1
 This function calls:
		Nothing
 This function is called by:
		_swap_freq_data
 This function uses a non-reentrant model



MODULE INFORMATION

Module		Function		Class		Link	Load	Size
usart.c
		_getch         		CODE           	05F8	0000	60

usart.c estimated size: 60

shared
		__stringtab    		STRING         	0002	0000	17
		__initializatio		CODE           	07EA	0000	20

shared estimated size: 37

lcd.c
		_lcd_puts      		CODE           	054A	0000	31
		_lcd_clear     		CODE           	0503	0000	18
		_lcd_goto      		CODE           	04DB	0000	10
		_lcd_write     		CODE           	058A	0000	36
		_lcd_init      		CODE           	0670	0000	77

lcd.c estimated size: 172

main.c
		_trans_value   		CODE           	0568	0000	35
		_check_data    		CODE           	04E4	0000	16
		_main          		CODE           	05D1	0000	40
		_scanning_frequ		CODE           	0633	0000	62
		_data_division 		CODE           	052E	0000	29
		_ci_v_init     		CODE           	06BC	0000	131
		_swap_freq_data		CODE           	073E	0000	173
		_indicate_frequ		CODE           	05AD	0000	37

main.c estimated size: 523

